// Jest Snapshot v1, https://goo.gl/fbAQLP

exports[`generateTagsHTML renders correctly 1`] = `
"<html><body><pre>
&lt;link rel=\\"icon\\" type=\\"image/png\\" sizes=\\"16x16\\" href=\\"//favicon-16-16.png?h=0f737d68\\"&gt;

&lt;link rel=\\"icon\\" type=\\"image/png\\" sizes=\\"24x24\\" href=\\"//favicon-24-24.png?h=34b420cf\\"&gt;

&lt;link rel=\\"icon\\" type=\\"image/png\\" sizes=\\"32x32\\" href=\\"//favicon-32-32.png?h=60e36d1e\\"&gt;

&lt;link rel=\\"icon\\" type=\\"image/png\\" sizes=\\"48x48\\" href=\\"//favicon-48-48.png?h=036a05b7\\"&gt;

&lt;link rel=\\"icon\\" type=\\"image/png\\" sizes=\\"64x64\\" href=\\"//favicon-64-64.png?h=930cb892\\"&gt;

&lt;link rel=\\"icon\\" type=\\"image/png\\" sizes=\\"72x72\\" href=\\"//favicon-72-72.png?h=3a6978c3\\"&gt;

&lt;link rel=\\"icon\\" type=\\"image/png\\" sizes=\\"96x96\\" href=\\"//favicon-96-96.png?h=5c78d3b3\\"&gt;

&lt;link rel=\\"icon\\" type=\\"image/png\\" sizes=\\"128x128\\" href=\\"//favicon-128-128.png?h=a4ed9eab\\"&gt;

&lt;link rel=\\"icon\\" type=\\"image/png\\" sizes=\\"36x36\\" href=\\"//android-chrome-36-36.png?h=87c84a33\\"&gt;

&lt;link rel=\\"icon\\" type=\\"image/png\\" sizes=\\"48x48\\" href=\\"//android-chrome-48-48.png?h=036a05b7\\"&gt;

&lt;link rel=\\"icon\\" type=\\"image/png\\" sizes=\\"72x72\\" href=\\"//android-chrome-72-72.png?h=3a6978c3\\"&gt;

&lt;link rel=\\"icon\\" type=\\"image/png\\" sizes=\\"96x96\\" href=\\"//android-chrome-96-96.png?h=5c78d3b3\\"&gt;

&lt;link rel=\\"icon\\" type=\\"image/png\\" sizes=\\"144x144\\" href=\\"//android-chrome-144-144.png?h=2fd1dee9\\"&gt;

&lt;link rel=\\"icon\\" type=\\"image/png\\" sizes=\\"192x192\\" href=\\"//android-chrome-192-192.png?h=b71edbe2\\"&gt;

&lt;link rel=\\"icon\\" type=\\"image/png\\" sizes=\\"256x256\\" href=\\"//android-chrome-256-256.png?h=31805e14\\"&gt;

&lt;link rel=\\"icon\\" type=\\"image/png\\" sizes=\\"384x384\\" href=\\"//android-chrome-384-384.png?h=687240c7\\"&gt;

&lt;link rel=\\"icon\\" type=\\"image/png\\" sizes=\\"512x512\\" href=\\"//android-chrome-512-512.png?h=be9db060\\"&gt;

&lt;link rel=\\"apple-touch-icon\\" sizes=\\"57x57\\" href=\\"//apple-touch-icon-57-57.png?h=5e91d777\\"&gt;

&lt;link rel=\\"apple-touch-icon\\" sizes=\\"60x60\\" href=\\"//apple-touch-icon-60-60.png?h=06e9addf\\"&gt;

&lt;link rel=\\"apple-touch-icon\\" sizes=\\"72x72\\" href=\\"//apple-touch-icon-72-72.png?h=3a6978c3\\"&gt;

&lt;link rel=\\"apple-touch-icon\\" sizes=\\"76x76\\" href=\\"//apple-touch-icon-76-76.png?h=da8a656d\\"&gt;

&lt;link rel=\\"apple-touch-icon\\" sizes=\\"114x114\\" href=\\"//apple-touch-icon-114-114.png?h=a25026c0\\"&gt;

&lt;link rel=\\"apple-touch-icon\\" sizes=\\"120x120\\" href=\\"//apple-touch-icon-120-120.png?h=e170d3e5\\"&gt;

&lt;link rel=\\"apple-touch-icon\\" sizes=\\"144x144\\" href=\\"//apple-touch-icon-144-144.png?h=2fd1dee9\\"&gt;

&lt;link rel=\\"apple-touch-icon\\" sizes=\\"152x152\\" href=\\"//apple-touch-icon-152-152.png?h=777fee3d\\"&gt;

&lt;link rel=\\"apple-touch-icon\\" sizes=\\"167x167\\" href=\\"//apple-touch-icon-167-167.png?h=d7d07ec2\\"&gt;

&lt;link rel=\\"apple-touch-icon\\" sizes=\\"180x180\\" href=\\"//apple-touch-icon-180-180.png?h=cf34fc39\\"&gt;

&lt;link rel=\\"apple-touch-icon\\" sizes=\\"1024x1024\\" href=\\"//apple-touch-icon.png?h=c105e66b\\"&gt;

&lt;link rel=\\"apple-touch-icon\\" href=\\"//apple-touch-icon.png?h=c105e66b\\"&gt;

&lt;link rel=\\"apple-touch-icon\\" sizes=\\"180x180\\" href=\\"//apple-touch-icon-precomposed.png?h=cf34fc39\\"&gt;

&lt;link rel=\\"apple-touch-icon\\" media=\\"(device-width: 320) and (device-height: 568) and (orientation: portrait) and (-webkit-device-pixel-ratio: 2)\\" href=\\"//apple-launch-se-640-1136.png?h=6187ea2a\\"&gt;

&lt;link rel=\\"apple-touch-icon\\" media=\\"(device-width: 375) and (device-height: 667) and (orientation: portrait) and (-webkit-device-pixel-ratio: 2)\\" href=\\"//apple-launch-8-750-1334.png?h=d00d1398\\"&gt;

&lt;link rel=\\"apple-touch-icon\\" media=\\"(device-width: 375) and (device-height: 812) and (orientation: portrait) and (-webkit-device-pixel-ratio: 3)\\" href=\\"//apple-launch-xs-1125-2436.png?h=26ab1400\\"&gt;

&lt;link rel=\\"apple-touch-icon\\" media=\\"(device-width: 390) and (device-height: 844) and (orientation: portrait) and (-webkit-device-pixel-ratio: 3)\\" href=\\"//apple-launch-12-1170-2532.png?h=395b698d\\"&gt;

&lt;link rel=\\"apple-touch-icon\\" media=\\"(device-width: 414) and (device-height: 896) and (orientation: portrait) and (-webkit-device-pixel-ratio: 2)\\" href=\\"//apple-launch-11-828-1792.png?h=df2133dc\\"&gt;

&lt;link rel=\\"apple-touch-icon\\" media=\\"(device-width: 414) and (device-height: 896) and (orientation: portrait) and (-webkit-device-pixel-ratio: 3)\\" href=\\"//apple-launch-11-pro-max-1242-2688.png?h=9b4fcc40\\"&gt;

&lt;link rel=\\"apple-touch-icon\\" media=\\"(device-width: 414) and (device-height: 736) and (orientation: portrait) and (-webkit-device-pixel-ratio: 3)\\" href=\\"//apple-launch-8-plus-1242-2208.png?h=b463e068\\"&gt;

&lt;link rel=\\"apple-touch-icon\\" media=\\"(device-width: 414) and (device-height: 736) and (orientation: portrait) and (-webkit-device-pixel-ratio: 3)\\" href=\\"//apple-launch-6-plus-1242-2208.png?h=b463e068\\"&gt;

&lt;link rel=\\"apple-touch-icon\\" media=\\"(device-width: 428) and (device-height: 926) and (orientation: portrait) and (-webkit-device-pixel-ratio: 3)\\" href=\\"//apple-launch-12-pro-max-1284-2778.png?h=61bcccc8\\"&gt;

&lt;link rel=\\"apple-touch-icon\\" media=\\"(device-width: 376) and (device-height: 667) and (orientation: portrait) and (-webkit-device-pixel-ratio: 3)\\" href=\\"//apple-launch-screen-default.png?h=a2c9052b\\"&gt;

&lt;link rel=\\"apple-touch-icon\\" href=\\"//apple-launch-screen-default.png?h=a2c9052b\\"&gt;

&lt;link rel=\\"apple-touch-icon\\" media=\\"(device-width: 768) and (device-height: 1024) and (orientation: portrait) and (-webkit-device-pixel-ratio: 2)\\" href=\\"//apple-launch-ipad-pro-s-1536-2048.png?h=feb86114\\"&gt;

&lt;link rel=\\"apple-touch-icon\\" media=\\"(device-width: 810) and (device-height: 1080) and (orientation: portrait) and (-webkit-device-pixel-ratio: 2)\\" href=\\"//apple-launch-ipad-pro-1620-2160.png?h=91532c76\\"&gt;

&lt;link rel=\\"apple-touch-icon\\" media=\\"(device-width: 834) and (device-height: 1194) and (orientation: portrait) and (-webkit-device-pixel-ratio: 2)\\" href=\\"//apple-launch-ipad-pro-l-1668-2388.png?h=91636ef2\\"&gt;

&lt;link rel=\\"apple-touch-icon\\" media=\\"(device-width: 834) and (device-height: 1112) and (orientation: portrait) and (-webkit-device-pixel-ratio: 2)\\" href=\\"//apple-launch-air-1668-2224.png?h=82cf14f9\\"&gt;

&lt;link rel=\\"apple-touch-icon\\" media=\\"(device-width: 1024) and (device-height: 1366) and (orientation: portrait) and (-webkit-device-pixel-ratio: 2)\\" href=\\"//apple-launch-ipad-pro-xl-2048-2732.png?h=78374a0c\\"&gt;

&lt;link rel=\\"shortcut icon\\" href=\\"//favicon.ico?h=41d290c7\\"&gt;

</pre>

</body></html>"
`;
